# preview build 2026-09-27 06:58:25Z
# commit: fe2502148026b909801a5b6f01a35b0c67ff20ad
# gradle exit code: 0
>> kotlin 컴파일러 다운로드 중...
>> 프리뷰 컴파일 (게임 소스 + 스텁)...
# status: compile-failed
WARN: 프리뷰 갱신 실패(compile-failed) — 기존 스크린샷을 보존합니다.

----- gradle build log (error lines + last 120) -----
...
Starting a Gradle Daemon (subsequent builds will be faster)
> Task :app:preBuild UP-TO-DATE
> Task :app:preDebugBuild UP-TO-DATE
> Task :app:mergeDebugNativeDebugMetadata NO-SOURCE
> Task :app:checkKotlinGradlePluginConfigurationErrors SKIPPED
> Task :app:generateDebugResValues
> Task :app:checkDebugAarMetadata
> Task :app:mapDebugSourceSetPaths
> Task :app:generateDebugResources
> Task :app:createDebugCompatibleScreenManifests
> Task :app:extractDeepLinksDebug
> Task :app:processDebugMainManifest
> Task :app:processDebugManifest
> Task :app:processDebugManifestForPackage
> Task :app:javaPreCompileDebug
> Task :app:mergeDebugResources
> Task :app:mergeDebugShaders
> Task :app:packageDebugResources
> Task :app:compileDebugShaders NO-SOURCE
> Task :app:generateDebugAssets UP-TO-DATE
> Task :app:mergeDebugAssets
> Task :app:compressDebugAssets
> Task :app:desugarDebugFileDependencies
> Task :app:checkDebugDuplicateClasses
> Task :app:parseDebugLocalResources
> Task :app:mergeExtDexDebug
> Task :app:mergeLibDexDebug
> Task :app:mergeDebugJniLibFolders
> Task :app:mergeDebugNativeLibs NO-SOURCE
> Task :app:stripDebugDebugSymbols NO-SOURCE
> Task :app:processDebugResources
> Task :app:validateSigningDebug
> Task :app:writeDebugAppMetadata
> Task :app:writeDebugSigningConfigVersions
> Task :app:compileDebugKotlin
w: file:///home/runner/work/pizza_and_bird/pizza_and_bird/app/src/main/java/com/pizzaandbird/game/KoreaMap.kt:181:19 'fun computeBounds(p0: RectF, p1: Boolean): Unit' is deprecated. Deprecated in Java.
w: file:///home/runner/work/pizza_and_bird/pizza_and_bird/app/src/main/java/com/pizzaandbird/game/KoreaMap.kt:184:18 'fun computeBounds(p0: RectF, p1: Boolean): Unit' is deprecated. Deprecated in Java.

> Task :app:compileDebugJavaWithJavac NO-SOURCE
> Task :app:dexBuilderDebug
> Task :app:mergeDebugGlobalSynthetics
> Task :app:processDebugJavaRes
> Task :app:mergeDebugJavaResource
> Task :app:mergeProjectDexDebug
> Task :app:packageDebug
> Task :app:createDebugApkListingFileRedirect
> Task :app:assembleDebug
gradle/actions: Writing build results to /home/runner/work/_temp/.gradle-actions/build-results/__run_2-1790492216128.json

BUILD SUCCESSFUL in 1m 36s
33 actionable tasks: 33 executed

----- preview render log (last 200 lines) -----
app/src/main/java/com/pizzaandbird/game/CharacterArt.kt:606:71: error: overload resolution ambiguity between candidates:
val WHITE: Int
val WHITE: Int
                    g.rect(lx + 0.9f, ey - 0.7f, lx + 1.4f, ey, Color.WHITE)
                                                                      ^^^^^
app/src/main/java/com/pizzaandbird/game/CharacterArt.kt:607:71: error: overload resolution ambiguity between candidates:
val WHITE: Int
val WHITE: Int
                    g.rect(rx + 0.9f, ey - 0.7f, rx + 1.4f, ey, Color.WHITE)
                                                                      ^^^^^
app/src/main/java/com/pizzaandbird/game/Type.kt:479:25: error: overload resolution ambiguity between candidates:
val WHITE: Int
val WHITE: Int
        p.color = Color.WHITE
                        ^^^^^
tools/preview/src/android_stubs_graphics.kt:36:9: error: conflicting declarations:
val WHITE: Int
    val WHITE: Int = 0xFFFFFFFF.toInt()
        ^^^^^
tools/preview/src/android_stubs_graphics.kt:39:9: error: conflicting declarations:
val BLACK: Int
    val BLACK: Int = 0xFF000000.toInt()
        ^^^^^
tools/preview/src/android_stubs_graphics.kt:54:5: error: '@JvmStatic' annotation is useless for const or '@JvmField' properties.
    @JvmStatic
    ^^^^^^^^^^
tools/preview/src/android_stubs_graphics.kt:55:15: error: conflicting declarations:
val WHITE: Int
    const val WHITE = 0xFFFFFFFF.toInt()
              ^^^^^
tools/preview/src/android_stubs_graphics.kt:56:15: error: conflicting declarations:
val BLACK: Int
    const val BLACK = 0xFF000000.toInt()
              ^^^^^
tools/preview/src/android_stubs_util.kt:11:8: error: redeclaration:
object Xml : Any
object Xml {
       ^^^
tools/preview/src/android_util_xml_stub.kt:9:8: error: redeclaration:
object Xml : Any
object Xml {
       ^^^
tools/preview/src/preview_main.kt:23:30: error: conflicting import: imported name 'CameraGear' is ambiguous.
import com.pizzaandbird.game.CameraGear
                             ^^^^^^^^^^
tools/preview/src/preview_main.kt:25:30: error: conflicting import: imported name 'CameraGear' is ambiguous.
import com.pizzaandbird.game.CameraGear
                             ^^^^^^^^^^
tools/preview/src/xmlpull_stub.kt:11:11: error: redeclaration:
interface XmlPullParser : Any
interface XmlPullParser {
          ^^^^^^^^^^^^^
tools/preview/src/xmlpull_stubs.kt:11:11: error: redeclaration:
interface XmlPullParser : Any
interface XmlPullParser {
          ^^^^^^^^^^^^^
tools/preview/src/xmlpull_stubs.kt:28:1: error: class 'MiniXmlPullParser' is not abstract and does not implement abstract member 'setInput'.
class MiniXmlPullParser : XmlPullParser {
^^^^^^^^^^^^^^^^^^^^^^^
tools/preview/src/xmlpull_stubs.kt:38:9: error: cannot weaken access privilege private for 'accessor' in 'XmlPullParser'.
        private set
        ^^^^^^^
tools/preview/src/xmlpull_stubs.kt:40:5: error: 'setInput' overrides nothing.
    override fun setInput(stream: InputStream, encoding: String?) {
    ^^^^^^^^
tools/preview/src/xmlpull_stubs.kt:69:5: error: 'getAttributeValue' overrides nothing.
    override fun getAttributeValue(namespace: String?, name: String?): String? = attrs[name ?: ""]
    ^^^^^^^^
